../Core/Src/ST7735.c:50:13:ST7735_Reset	8	static
../Core/Src/ST7735.c:57:13:ST7735_WriteCommand	16	static
../Core/Src/ST7735.c:63:13:ST7735_WriteData	16	static
../Core/Src/ST7735.c:69:13:ST7735_ExecuteCommandList	24	static
../Core/Src/ST7735.c:99:13:ST7735_SetAddressWindow	32	static
../Core/Src/ST7735.c:116:13:ST7735_WriteChar	48	static
../Core/Src/ST7735.c:141:6:ST7735_Init	8	static
../Core/Src/ST7735.c:151:6:ST7735_DrawPixel	24	static
../Core/Src/ST7735.c:165:6:ST7735_DrawString	32	static
../Core/Src/ST7735.c:178:6:ST7735_FillRectangle	32	static
../Core/Src/ST7735.c:199:6:ST7735_FillScreen	24	static
../Core/Src/ST7735.c:211:6:ST7735_DrawLine	32	static
