../Core/Src/ST7735.c:15:6:ST7735_Init	8	static
../Core/Src/ST7735.c:23:6:ST7735_DrawString	32	static
../Core/Src/ST7735.c:36:6:ST7735_FillScreen	32	static
../Core/Src/ST7735.c:52:6:ST7735_DrawLine	32	static
../Core/Src/ST7735.c:65:13:ST7735_Reset	8	static
../Core/Src/ST7735.c:72:13:ST7735_WriteCommand	16	static
../Core/Src/ST7735.c:78:13:ST7735_WriteData	16	static
../Core/Src/ST7735.c:84:13:ST7735_ExecuteCommandList	24	static
../Core/Src/ST7735.c:114:13:ST7735_SetAddressWindow	32	static
../Core/Src/ST7735.c:131:13:ST7735_WriteChar	48	static
../Core/Src/ST7735.c:156:6:ST7735_DrawPixel	24	static
