../Core/Src/ST7735.c:121:13:ST7735_GPIO_Init	4	static
../Core/Src/ST7735.c:139:13:ST7735_Reset	8	static
../Core/Src/ST7735.c:146:13:ST7735_WriteCommand	16	static
../Core/Src/ST7735.c:157:13:ST7735_WriteData	16	static
../Core/Src/ST7735.c:169:13:ST7735_ExecuteCommandList	24	static
../Core/Src/ST7735.c:199:13:ST7735_SetAddressWindow	32	static
../Core/Src/ST7735.c:216:13:ST7735_WriteChar	48	static
../Core/Src/ST7735.c:241:6:ST7735_Init	8	static
../Core/Src/ST7735.c:252:6:ST7735_DrawPixel	24	static
../Core/Src/ST7735.c:266:6:ST7735_DrawString	32	static
../Core/Src/ST7735.c:296:6:ST7735_FillRectangle	32	static
../Core/Src/ST7735.c:323:6:ST7735_FillScreen	24	static
../Core/Src/ST7735.c:328:6:ST7735_DrawImage	24	static
../Core/Src/ST7735.c:340:6:ST7735_DrawTouchGFX	56	dynamic
../Core/Src/ST7735.c:364:6:ST7735_InvertColors	16	static
../Core/Src/ST7735.c:371:6:ST7735_Backlight_On	8	static
../Core/Src/ST7735.c:376:6:ST7735_Backlight_Off	8	static
../Core/Src/ST7735.c:385:6:ST7735_DrawCircle	32	static
../Core/Src/ST7735.c:425:6:ST7735_DrawCircleHelper	32	static
../Core/Src/ST7735.c:471:6:ST7735_FillCircle	32	static
../Core/Src/ST7735.c:482:6:ST7735_FillCircleHelper	32	static
../Core/Src/ST7735.c:519:6:ST7735_DrawEllipse	48	static
../Core/Src/ST7735.c:563:6:ST7735_FillEllipse	48	static
../Core/Src/ST7735.c:607:6:ST7735_DrawRect	24	static
../Core/Src/ST7735.c:620:6:ST7735_DrawRoundRect	32	static
../Core/Src/ST7735.c:639:6:ST7735_FillRoundRect	32	static
../Core/Src/ST7735.c:654:6:ST7735_DrawTriangle	32	static
../Core/Src/ST7735.c:666:6:ST7735_FillTriangle	64	static
../Core/Src/ST7735.c:749:6:ST7735_DrawLine	48	static
../Core/Src/ST7735.c:803:6:ST7735_DrawFastVLine	32	static
../Core/Src/ST7735.c:816:6:ST7735_DrawFastHLine	32	static
../Core/Src/ST7735.c:829:6:ST7735_SetRotation	24	static
../Core/Src/ST7735.c:883:9:ST7735_GetRotation	4	static
../Core/Src/ST7735.c:888:9:ST7735_GetHeight	4	static
../Core/Src/ST7735.c:893:9:ST7735_GetWidth	4	static
